{
  "schema_version": 1,
  "name": "unfinished",
  "state": "unfinished",
  "summary": "An advertised promise has explicit evidence of unfinished work.",
  "purpose": {
    "statement": "A small CLI to print certificate expiration.",
    "source": "inferred from README.md",
    "confidence": "medium"
  },
  "recommendations": [
    "Resolve the unfinished promise: JSON output."
  ],
  "evidence": [
    {
      "kind": "purpose",
      "message": "Purpose source: inferred from README.md.",
      "source": "inferred from README.md",
      "confidence": "medium"
    },
    {
      "kind": "tests",
      "message": "Tests are present; they were not executed.",
      "source": "source tree",
      "confidence": "low"
    },
    {
      "kind": "todos",
      "message": "Unfinished markers were found; only promise-related markers affect the decision.",
      "source": "source tree",
      "confidence": "low"
    },
    {
      "kind": "promise",
      "message": "Source and test references support: certificate expiration (tests were not run).",
      "source": "README.md:7 + main.go + main_test.go",
      "confidence": "medium"
    },
    {
      "kind": "promise",
      "message": "A declared promise has a related unfinished marker: JSON output.",
      "source": "README.md:8 + main.go:6",
      "confidence": "high"
    },
    {
      "kind": "history",
      "message": "0 of 2 inspected commits introduce features; 1 are fixes or maintenance.",
      "source": "git log (up to 100 commits within 12 months)",
      "confidence": "medium"
    }
  ],
  "analysis": {
    "promises": [
      {
        "text": "certificate expiration",
        "source": "README.md:7",
        "confidence": "medium",
        "status": "satisfied",
        "supporting": [
          "main.go",
          "main_test.go"
        ]
      },
      {
        "text": "JSON output",
        "source": "README.md:8",
        "confidence": "medium",
        "status": "missing",
        "supporting": [
          "main.go:6"
        ]
      }
    ],
    "changes": {
      "feature": 0,
      "fix": 1,
      "maintenance": 0,
      "docs": 1,
      "refactor": 0,
      "unknown": 0
    },
    "stability": "unclear",
    "growth": "no dominant feature growth",
    "scope": "no strong drift found",
    "maintenance": "active",
    "tests_detected": 1,
    "todo_markers": 1,
    "truncated": false
  }
}
